{
  "createdAt": "2023-08-13T06:59:27.842Z",
  "name": "morpheus",
  "id": "911",
  "job": "leader"
}